// Jest Snapshot v1, https://goo.gl/fbAQLP

exports[`Tests for the App component Should have a matching wrapper 1`] = `<MainPage />`;
